<html>
<body>
<pre>
<h1>µVision Build Log</h1>
<h2>Tool Versions:</h2>
IDE-Version: µVision V5.32.0.0
Copyright (C) 2020 ARM Ltd and ARM Germany GmbH. All rights reserved.
License Information: Jorjo 80, UPM, LIC=----
 
Tool Versions:
Toolchain:       MDK-Lite  Version: 5.32.0.0
Toolchain Path:  C:\Keil_v5\ARM\ARMCC\Bin
C Compiler:      Armcc.exe V5.06 update 7 (build 960)
Assembler:       Armasm.exe V5.06 update 7 (build 960)
Linker/Locator:  ArmLink.exe V5.06 update 7 (build 960)
Library Manager: ArmAr.exe V5.06 update 7 (build 960)
Hex Converter:   FromElf.exe V5.06 update 7 (build 960)
CPU DLL:         SARMCM3.DLL V5.32.0.0
Dialog DLL:      DCM.DLL V1.17.3.0
Target DLL:      STLink\ST-LINKIII-KEIL_SWO.dll V3.0.8.0
Dialog DLL:      TCM.DLL V1.46.0.0
 
<h2>Project:</h2>
H:\Jorge\UPM\master\TFM\PruebaARM\UART\MDK-ARM\UART.uvprojx
Project File Date:  11/25/2020

<h2>Output:</h2>
*** Using Compiler 'V5.06 update 7 (build 960)', folder: 'C:\Keil_v5\ARM\ARMCC\Bin'
Rebuild target 'UART'
assembling startup_stm32f407xx.s...
compiling stm32f4xx_hal_tim_ex.c...
compiling stm32f4xx_it.c...
compiling stm32f4xx_hal_uart.c...
compiling stm32f4xx_hal_rcc.c...
compiling stm32f4xx_hal_tim.c...
compiling main.c...
H:\Jorge\UPM\master\TFM\PruebaARM\UART\MDK-ARM\uart.h(57): warning:  #1-D: last line of file ends without a newline
  }
H:\Jorge\UPM\master\TFM\PruebaARM\UART\MDK-ARM\cmds.h(335): warning:  #167-D: argument of type "void (*)(UART_HandleTypeDef, uint8_t)" is incompatible with parameter of type "cobs_byteOut_t"
  	cobs_encode(cmds_tx_buf.frame_a, frameLen, uart_sendChar);
H:\Jorge\UPM\master\TFM\PruebaARM\UART\MDK-ARM\cmds.h(306): warning:  #177-D: variable "result"  was declared but never referenced
  	int16_t  result;
H:\Jorge\UPM\master\TFM\PruebaARM\UART\MDK-ARM\cmds.h(349): warning:  #167-D: argument of type "uint8_t (*)(UART_HandleTypeDef, uint8_t)" is incompatible with parameter of type "cobs_byteIn_t"
  		result = cobs_decode(cmds_rx_buf.frame_a, sizeof(cmds_buffer_t),uart_recvChar);
H:\Jorge\UPM\master\TFM\PruebaARM\UART\MDK-ARM\cmds.h(390): warning:  #940-D: missing return statement at end of non-void function "cmds_recv" 
  }
../Core/Src/main.c(110): warning:  #1295-D: Deprecated declaration joinNetwork - give arg types
  static _Bool joinNetwork();
../Core/Src/main.c(179): warning:  #177-D: variable "locPort"  was declared but never referenced
      uint16_t locPort;
../Core/Src/main.c(201): warning:  #177-D: variable "receivebuffer"  was declared but never referenced
  		uint8_t *receivebuffer;
../Core/Src/main.c(202): warning:  #177-D: variable "decodedbuffer"  was declared but never referenced
  		uint8_t *decodedbuffer;
../Core/Src/main.c(311): warning:  #167-D: argument of type "uint8_t *" is incompatible with parameter of type "char *restrict"
    strcpy( pld, NET_NAME );
../Core/Src/main.c(312): warning:  #167-D: argument of type "uint8_t *" is incompatible with parameter of type "const char *"
    kbi_cmd( CMDS_FCCMD_WRITE, CMDS_CMD_NETWORK_NAME, pld, strlen( pld ) );
../Core/Src/main.c(323): warning:  #167-D: argument of type "uint8_t *" is incompatible with parameter of type "char *restrict"
    strcpy( pld, NET_COMM_CRED );
../Core/Src/main.c(325): warning:  #167-D: argument of type "uint8_t *" is incompatible with parameter of type "const char *"
             strlen( pld ) );
../Core/Src/main.c: 13 warnings, 0 errors
compiling stm32f4xx_hal_msp.c...
compiling stm32f4xx_hal_flash_ramfunc.c...
compiling stm32f4xx_hal_dma_ex.c...
compiling stm32f4xx_hal_flash_ex.c...
compiling stm32f4xx_hal_rcc_ex.c...
compiling stm32f4xx_hal_dma.c...
compiling stm32f4xx_hal_gpio.c...
compiling stm32f4xx_hal_flash.c...
compiling stm32f4xx_hal.c...
compiling system_stm32f4xx.c...
compiling stm32f4xx_hal_cortex.c...
compiling stm32f4xx_hal_exti.c...
compiling stm32f4xx_hal_pwr.c...
compiling stm32f4xx_hal_pwr_ex.c...
linking...
Program Size: Code=5402 RO-data=450 RW-data=20 ZI-data=3676  
FromELF: creating hex file...
"UART\UART.axf" - 0 Error(s), 13 Warning(s).

<h2>Software Packages used:</h2>

Package Vendor: ARM
                http://www.keil.com/pack/ARM.CMSIS.5.7.0.pack
                ARM.CMSIS.5.7.0
                CMSIS (Cortex Microcontroller Software Interface Standard)
   * Component: CORE Version: 5.4.0

Package Vendor: Keil
                http://www.keil.com/pack/Keil.STM32F4xx_DFP.2.15.0.pack
                Keil.STM32F4xx_DFP.2.15.0
                STMicroelectronics STM32F4 Series Device Support, Drivers and Examples

<h2>Collection of Component include folders:</h2>
  .\RTE\_UART
  C:\Users\Jorjo80\AppData\Local\Arm\Packs\ARM\CMSIS\5.7.0\CMSIS\Core\Include
  C:\Users\Jorjo80\AppData\Local\Arm\Packs\Keil\STM32F4xx_DFP\2.15.0\Drivers\CMSIS\Device\ST\STM32F4xx\Include

<h2>Collection of Component Files used:</h2>

   * Component: ARM::CMSIS:CORE:5.4.0
Build Time Elapsed:  00:00:24
</pre>
</body>
</html>
